Archive member included to satisfy reference by file (symbol)

c:/ac6/systemworkbench/plugins/fr.ac6.mcu.externaltools.arm-none.win32_1.15.0.201708311556/tools/compiler/bin/../lib/gcc/arm-none-eabi/6.3.1/../../../../arm-none-eabi/lib/thumb/v7e-m/fpv4-sp/hard\libc_nano.a(lib_a-exit.o)
                              c:/ac6/systemworkbench/plugins/fr.ac6.mcu.externaltools.arm-none.win32_1.15.0.201708311556/tools/compiler/bin/../lib/gcc/arm-none-eabi/6.3.1/../../../../arm-none-eabi/lib/thumb/v7e-m/fpv4-sp/hard/crt0.o (exit)
c:/ac6/systemworkbench/plugins/fr.ac6.mcu.externaltools.arm-none.win32_1.15.0.201708311556/tools/compiler/bin/../lib/gcc/arm-none-eabi/6.3.1/../../../../arm-none-eabi/lib/thumb/v7e-m/fpv4-sp/hard\libc_nano.a(lib_a-impure.o)
                              c:/ac6/systemworkbench/plugins/fr.ac6.mcu.externaltools.arm-none.win32_1.15.0.201708311556/tools/compiler/bin/../lib/gcc/arm-none-eabi/6.3.1/../../../../arm-none-eabi/lib/thumb/v7e-m/fpv4-sp/hard\libc_nano.a(lib_a-exit.o) (_global_impure_ptr)
c:/ac6/systemworkbench/plugins/fr.ac6.mcu.externaltools.arm-none.win32_1.15.0.201708311556/tools/compiler/bin/../lib/gcc/arm-none-eabi/6.3.1/../../../../arm-none-eabi/lib/thumb/v7e-m/fpv4-sp/hard\libc_nano.a(lib_a-init.o)
                              c:/ac6/systemworkbench/plugins/fr.ac6.mcu.externaltools.arm-none.win32_1.15.0.201708311556/tools/compiler/bin/../lib/gcc/arm-none-eabi/6.3.1/../../../../arm-none-eabi/lib/thumb/v7e-m/fpv4-sp/hard/crt0.o (__libc_init_array)
c:/ac6/systemworkbench/plugins/fr.ac6.mcu.externaltools.arm-none.win32_1.15.0.201708311556/tools/compiler/bin/../lib/gcc/arm-none-eabi/6.3.1/../../../../arm-none-eabi/lib/thumb/v7e-m/fpv4-sp/hard\libc_nano.a(lib_a-memcpy-stub.o)
                              Src/cmlib/dn_ipmg.o (memcpy)
c:/ac6/systemworkbench/plugins/fr.ac6.mcu.externaltools.arm-none.win32_1.15.0.201708311556/tools/compiler/bin/../lib/gcc/arm-none-eabi/6.3.1/../../../../arm-none-eabi/lib/thumb/v7e-m/fpv4-sp/hard\libc_nano.a(lib_a-memset.o)
                              c:/ac6/systemworkbench/plugins/fr.ac6.mcu.externaltools.arm-none.win32_1.15.0.201708311556/tools/compiler/bin/../lib/gcc/arm-none-eabi/6.3.1/../../../../arm-none-eabi/lib/thumb/v7e-m/fpv4-sp/hard/crt0.o (memset)
c:/ac6/systemworkbench/plugins/fr.ac6.mcu.externaltools.arm-none.win32_1.15.0.201708311556/tools/compiler/bin/../lib/gcc/arm-none-eabi/6.3.1/../../../../arm-none-eabi/lib/thumb/v7e-m/fpv4-sp/hard\libnosys.a(_exit.o)
                              c:/ac6/systemworkbench/plugins/fr.ac6.mcu.externaltools.arm-none.win32_1.15.0.201708311556/tools/compiler/bin/../lib/gcc/arm-none-eabi/6.3.1/../../../../arm-none-eabi/lib/thumb/v7e-m/fpv4-sp/hard\libc_nano.a(lib_a-exit.o) (_exit)

Allocating common symbols
Common symbol       size              file

dn_whmt_vars        0x98              Src/cmlib/dn_whmt.o
dn_hdlc_vars        0x90              Src/cmlib/dn_hdlc.o
uwTick              0x4               Drivers/STM32F3xx_HAL_Driver/Src/stm32f3xx_hal.o
dest_addr           0x10              Src/cmlib/sm.o
pFlash              0x20              Drivers/STM32F3xx_HAL_Driver/Src/stm32f3xx_hal_flash.o
dn_ipmt_vars        0x98              Src/cmlib/dn_ipmt.o
dn_ipmg_vars        0x98              Src/cmlib/dn_ipmg.o
dn_uart_vars        0x4               Src/cmlib/dn_uart.o
app_vars            0x110             Src/cmlib/sm.o
htim6               0x40              Src/tim.o
dn_serial_mt_vars   0xc               Src/cmlib/dn_serial_mt.o
huart4              0x70              Src/cmlib/dn_hdlc.o
payload             0x1               Src/cmlib/sm.o
dn_serial_mg_vars   0x14              Src/cmlib/dn_serial_mg.o

Discarded input sections

 .text          0x00000000        0x0 c:/ac6/systemworkbench/plugins/fr.ac6.mcu.externaltools.arm-none.win32_1.15.0.201708311556/tools/compiler/bin/../lib/gcc/arm-none-eabi/6.3.1/thumb/v7e-m/fpv4-sp/hard/crti.o
 .data          0x00000000        0x0 c:/ac6/systemworkbench/plugins/fr.ac6.mcu.externaltools.arm-none.win32_1.15.0.201708311556/tools/compiler/bin/../lib/gcc/arm-none-eabi/6.3.1/thumb/v7e-m/fpv4-sp/hard/crti.o
 .bss           0x00000000        0x0 c:/ac6/systemworkbench/plugins/fr.ac6.mcu.externaltools.arm-none.win32_1.15.0.201708311556/tools/compiler/bin/../lib/gcc/arm-none-eabi/6.3.1/thumb/v7e-m/fpv4-sp/hard/crti.o
 .data          0x00000000        0x4 c:/ac6/systemworkbench/plugins/fr.ac6.mcu.externaltools.arm-none.win32_1.15.0.201708311556/tools/compiler/bin/../lib/gcc/arm-none-eabi/6.3.1/thumb/v7e-m/fpv4-sp/hard/crtbegin.o
 .text          0x00000000       0x74 c:/ac6/systemworkbench/plugins/fr.ac6.mcu.externaltools.arm-none.win32_1.15.0.201708311556/tools/compiler/bin/../lib/gcc/arm-none-eabi/6.3.1/../../../../arm-none-eabi/lib/thumb/v7e-m/fpv4-sp/hard/crt0.o
[...]
Memory Configuration

Name             Origin             Length             Attributes
RAM              0x20000000         0x0000a000         xrw
CCMRAM           0x10000000         0x00002000         rw
FLASH            0x08000000         0x00040000         xr
*default*        0x00000000         0xffffffff

Linker script and memory map

LOAD c:/ac6/systemworkbench/plugins/fr.ac6.mcu.externaltools.arm-none.win32_1.15.0.201708311556/tools/compiler/bin/../lib/gcc/arm-none-eabi/6.3.1/thumb/v7e-m/fpv4-sp/hard/crti.o
LOAD c:/ac6/systemworkbench/plugins/fr.ac6.mcu.externaltools.arm-none.win32_1.15.0.201708311556/tools/compiler/bin/../lib/gcc/arm-none-eabi/6.3.1/thumb/v7e-m/fpv4-sp/hard/crtbegin.o
LOAD c:/ac6/systemworkbench/plugins/fr.ac6.mcu.externaltools.arm-none.win32_1.15.0.201708311556/tools/compiler/bin/../lib/gcc/arm-none-eabi/6.3.1/../../../../arm-none-eabi/lib/thumb/v7e-m/fpv4-sp/hard/crt0.o
LOAD Drivers/STM32F3xx_HAL_Driver/Src/stm32f3xx_hal.o
LOAD Drivers/STM32F3xx_HAL_Driver/Src/stm32f3xx_hal_cortex.o
LOAD Drivers/STM32F3xx_HAL_Driver/Src/stm32f3xx_hal_dma.o
LOAD Drivers/STM32F3xx_HAL_Driver/Src/stm32f3xx_hal_flash.o
LOAD Drivers/STM32F3xx_HAL_Driver/Src/stm32f3xx_hal_flash_ex.o
LOAD Drivers/STM32F3xx_HAL_Driver/Src/stm32f3xx_hal_gpio.o
LOAD Drivers/STM32F3xx_HAL_Driver/Src/stm32f3xx_hal_i2c.o
LOAD Drivers/STM32F3xx_HAL_Driver/Src/stm32f3xx_hal_i2c_ex.o
LOAD Drivers/STM32F3xx_HAL_Driver/Src/stm32f3xx_hal_pwr.o
LOAD Drivers/STM32F3xx_HAL_Driver/Src/stm32f3xx_hal_pwr_ex.o
LOAD Drivers/STM32F3xx_HAL_Driver/Src/stm32f3xx_hal_rcc.o
LOAD Drivers/STM32F3xx_HAL_Driver/Src/stm32f3xx_hal_rcc_ex.o
LOAD Drivers/STM32F3xx_HAL_Driver/Src/stm32f3xx_hal_tim.o
LOAD Drivers/STM32F3xx_HAL_Driver/Src/stm32f3xx_hal_tim_ex.o
LOAD Drivers/STM32F3xx_HAL_Driver/Src/stm32f3xx_hal_uart.o
LOAD Drivers/STM32F3xx_HAL_Driver/Src/stm32f3xx_hal_uart_ex.o
LOAD Src/cmlib/dn_endianness.o
LOAD Src/cmlib/dn_hdlc.o
LOAD Src/cmlib/dn_ipmg.o
LOAD Src/cmlib/dn_ipmt.o
LOAD Src/cmlib/dn_lock.o
LOAD Src/cmlib/dn_serial_mg.o
LOAD Src/cmlib/dn_serial_mt.o
LOAD Src/cmlib/dn_uart.o
LOAD Src/cmlib/dn_whmt.o
LOAD Src/cmlib/sm.o
LOAD Src/gpio.o
LOAD Src/main.o
LOAD Src/stm32f3xx_hal_msp.o
LOAD Src/stm32f3xx_it.o
LOAD Src/system_stm32f3xx.o
LOAD Src/tim.o
LOAD Src/usart.o
LOAD startup/startup_stm32f303xc.o
LOAD c:/ac6/systemworkbench/plugins/fr.ac6.mcu.externaltools.arm-none.win32_1.15.0.201708311556/tools/compiler/bin/../lib/gcc/arm-none-eabi/6.3.1/../../../../arm-none-eabi/lib/thumb/v7e-m/fpv4-sp/hard\libm.a
START GROUP
LOAD c:/ac6/systemworkbench/plugins/fr.ac6.mcu.externaltools.arm-none.win32_1.15.0.201708311556/tools/compiler/bin/../lib/gcc/arm-none-eabi/6.3.1/thumb/v7e-m/fpv4-sp/hard\libgcc.a
LOAD c:/ac6/systemworkbench/plugins/fr.ac6.mcu.externaltools.arm-none.win32_1.15.0.201708311556/tools/compiler/bin/../lib/gcc/arm-none-eabi/6.3.1/../../../../arm-none-eabi/lib/thumb/v7e-m/fpv4-sp/hard\libc_nano.a
END GROUP
START GROUP
LOAD c:/ac6/systemworkbench/plugins/fr.ac6.mcu.externaltools.arm-none.win32_1.15.0.201708311556/tools/compiler/bin/../lib/gcc/arm-none-eabi/6.3.1/thumb/v7e-m/fpv4-sp/hard\libgcc.a
LOAD c:/ac6/systemworkbench/plugins/fr.ac6.mcu.externaltools.arm-none.win32_1.15.0.201708311556/tools/compiler/bin/../lib/gcc/arm-none-eabi/6.3.1/../../../../arm-none-eabi/lib/thumb/v7e-m/fpv4-sp/hard\libc_nano.a
LOAD c:/ac6/systemworkbench/plugins/fr.ac6.mcu.externaltools.arm-none.win32_1.15.0.201708311556/tools/compiler/bin/../lib/gcc/arm-none-eabi/6.3.1/../../../../arm-none-eabi/lib/thumb/v7e-m/fpv4-sp/hard\libnosys.a
END GROUP
START GROUP
LOAD c:/ac6/systemworkbench/plugins/fr.ac6.mcu.externaltools.arm-none.win32_1.15.0.201708311556/tools/compiler/bin/../lib/gcc/arm-none-eabi/6.3.1/thumb/v7e-m/fpv4-sp/hard\libgcc.a
LOAD c:/ac6/systemworkbench/plugins/fr.ac6.mcu.externaltools.arm-none.win32_1.15.0.201708311556/tools/compiler/bin/../lib/gcc/arm-none-eabi/6.3.1/../../../../arm-none-eabi/lib/thumb/v7e-m/fpv4-sp/hard\libc_nano.a
LOAD c:/ac6/systemworkbench/plugins/fr.ac6.mcu.externaltools.arm-none.win32_1.15.0.201708311556/tools/compiler/bin/../lib/gcc/arm-none-eabi/6.3.1/../../../../arm-none-eabi/lib/thumb/v7e-m/fpv4-sp/hard\libnosys.a
END GROUP
LOAD c:/ac6/systemworkbench/plugins/fr.ac6.mcu.externaltools.arm-none.win32_1.15.0.201708311556/tools/compiler/bin/../lib/gcc/arm-none-eabi/6.3.1/thumb/v7e-m/fpv4-sp/hard/crtend.o
LOAD c:/ac6/systemworkbench/plugins/fr.ac6.mcu.externaltools.arm-none.win32_1.15.0.201708311556/tools/compiler/bin/../lib/gcc/arm-none-eabi/6.3.1/thumb/v7e-m/fpv4-sp/hard/crtn.o
                0x2000a000                _estack = 0x2000a000
                0x00000200                _Min_Heap_Size = 0x200
                0x00000400                _Min_Stack_Size = 0x400

.isr_vector     0x08000000      0x188
                0x08000000                . = ALIGN (0x4)
 *(.isr_vector)
 .isr_vector    0x08000000      0x188 startup/startup_stm32f303xc.o
                0x08000000                g_pfnVectors
                0x08000188                . = ALIGN (0x4)

.text           0x08000188     0x2b70
                0x08000188                . = ALIGN (0x4)
 *(.text)
 .text          0x08000188       0x6c c:/ac6/systemworkbench/plugins/fr.ac6.mcu.externaltools.arm-none.win32_1.15.0.201708311556/tools/compiler/bin/../lib/gcc/arm-none-eabi/6.3.1/thumb/v7e-m/fpv4-sp/hard/crtbegin.o
 *(.text*)
 .text.HAL_InitTick
                0x080001f4       0x48 Drivers/STM32F3xx_HAL_Driver/Src/stm32f3xx_hal.o
                0x080001f4                HAL_InitTick
 .text.HAL_Init
                0x0800023c       0x24 Drivers/STM32F3xx_HAL_Driver/Src/stm32f3xx_hal.o
                0x0800023c                HAL_Init
 .text.HAL_IncTick
                0x08000260       0x18 Drivers/STM32F3xx_HAL_Driver/Src/stm32f3xx_hal.o
                0x08000260                HAL_IncTick
 .text.HAL_GetTick
                0x08000278        0xc Drivers/STM32F3xx_HAL_Driver/Src/stm32f3xx_hal.o
                0x08000278                HAL_GetTick
 .text.HAL_NVIC_SetPriorityGrouping
                0x08000284       0x24 Drivers/STM32F3xx_HAL_Driver/Src/stm32f3xx_hal_cortex.o
                0x08000284                HAL_NVIC_SetPriorityGrouping
 .text.HAL_NVIC_SetPriority
                0x080002a8       0x64 Drivers/STM32F3xx_HAL_Driver/Src/stm32f3xx_hal_cortex.o
                0x080002a8                HAL_NVIC_SetPriority
 .text.HAL_NVIC_EnableIRQ
                0x0800030c       0x18 Drivers/STM32F3xx_HAL_Driver/Src/stm32f3xx_hal_cortex.o
                0x0800030c                HAL_NVIC_EnableIRQ
 .text.HAL_SYSTICK_Config
                0x08000324       0x2c Drivers/STM32F3xx_HAL_Driver/Src/stm32f3xx_hal_cortex.o
                0x08000324                HAL_SYSTICK_Config
 .text.HAL_SYSTICK_CLKSourceConfig
                0x08000350       0x20 Drivers/STM32F3xx_HAL_Driver/Src/stm32f3xx_hal_cortex.o
                0x08000350                HAL_SYSTICK_CLKSourceConfig
 .text.HAL_SYSTICK_Callback
                0x08000370        0x2 Drivers/STM32F3xx_HAL_Driver/Src/stm32f3xx_hal_cortex.o
                0x08000370                HAL_SYSTICK_Callback
 .text.HAL_SYSTICK_IRQHandler
                0x08000372        0x8 Drivers/STM32F3xx_HAL_Driver/Src/stm32f3xx_hal_cortex.o
                0x08000372                HAL_SYSTICK_IRQHandler
 .text.HAL_DMA_Abort_IT
                0x0800037a       0x4a Drivers/STM32F3xx_HAL_Driver/Src/stm32f3xx_hal_dma.o
                0x0800037a                HAL_DMA_Abort_IT
 .text.HAL_GPIO_Init
                0x080003c4      0x1a0 Drivers/STM32F3xx_HAL_Driver/Src/stm32f3xx_hal_gpio.o
                0x080003c4                HAL_GPIO_Init
 .text.HAL_GPIO_WritePin
                0x08000564        0xa Drivers/STM32F3xx_HAL_Driver/Src/stm32f3xx_hal_gpio.o
                0x08000564                HAL_GPIO_WritePin
 *fill*         0x0800056e        0x2 
 .text.HAL_RCC_OscConfig
                0x08000570      0x60c Drivers/STM32F3xx_HAL_Driver/Src/stm32f3xx_hal_rcc.o
                0x08000570                HAL_RCC_OscConfig
 .text.HAL_RCC_GetSysClockFreq
                0x08000b7c       0x70 Drivers/STM32F3xx_HAL_Driver/Src/stm32f3xx_hal_rcc.o
                0x08000b7c                HAL_RCC_GetSysClockFreq
 .text.HAL_RCC_ClockConfig
                0x08000bec      0x1d4 Drivers/STM32F3xx_HAL_Driver/Src/stm32f3xx_hal_rcc.o
                0x08000bec                HAL_RCC_ClockConfig
 .text.HAL_RCC_GetHCLKFreq
                0x08000dc0        0xc Drivers/STM32F3xx_HAL_Driver/Src/stm32f3xx_hal_rcc.o
                0x08000dc0                HAL_RCC_GetHCLKFreq
 .text.HAL_RCC_GetPCLK1Freq
                0x08000dcc       0x2c Drivers/STM32F3xx_HAL_Driver/Src/stm32f3xx_hal_rcc.o
                0x08000dcc                HAL_RCC_GetPCLK1Freq
 .text.HAL_RCC_GetPCLK2Freq
                0x08000df8       0x2c Drivers/STM32F3xx_HAL_Driver/Src/stm32f3xx_hal_rcc.o
                0x08000df8                HAL_RCC_GetPCLK2Freq
 .text.HAL_RCCEx_PeriphCLKConfig
                0x08000e24      0x268 Drivers/STM32F3xx_HAL_Driver/Src/stm32f3xx_hal_rcc_ex.o
                0x08000e24                HAL_RCCEx_PeriphCLKConfig
 .text.HAL_TIM_Base_Start_IT
                0x0800108c       0x18 Drivers/STM32F3xx_HAL_Driver/Src/stm32f3xx_hal_tim.o
                0x0800108c                HAL_TIM_Base_Start_IT
 .text.HAL_TIM_Base_Stop_IT
                0x080010a4       0x2c Drivers/STM32F3xx_HAL_Driver/Src/stm32f3xx_hal_tim.o
                0x080010a4                HAL_TIM_Base_Stop_IT
 .text.HAL_TIM_OC_DelayElapsedCallback
                0x080010d0        0x2 Drivers/STM32F3xx_HAL_Driver/Src/stm32f3xx_hal_tim.o
                0x080010d0                HAL_TIM_OC_DelayElapsedCallback
 .text.HAL_TIM_IC_CaptureCallback
                0x080010d2        0x2 Drivers/STM32F3xx_HAL_Driver/Src/stm32f3xx_hal_tim.o
                0x080010d2                HAL_TIM_IC_CaptureCallback
 .text.HAL_TIM_PWM_PulseFinishedCallback
                0x080010d4        0x2 Drivers/STM32F3xx_HAL_Driver/Src/stm32f3xx_hal_tim.o
                0x080010d4                HAL_TIM_PWM_PulseFinishedCallback
 .text.HAL_TIM_TriggerCallback
                0x080010d6        0x2 Drivers/STM32F3xx_HAL_Driver/Src/stm32f3xx_hal_tim.o
                0x080010d6                HAL_TIM_TriggerCallback
 .text.HAL_TIM_IRQHandler
                0x080010d8      0x19a Drivers/STM32F3xx_HAL_Driver/Src/stm32f3xx_hal_tim.o
                0x080010d8                HAL_TIM_IRQHandler
 *fill*         0x08001272        0x2 
 .text.TIM_Base_SetConfig
                0x08001274       0xb8 Drivers/STM32F3xx_HAL_Driver/Src/stm32f3xx_hal_tim.o
                0x08001274                TIM_Base_SetConfig
 .text.HAL_TIM_Base_Init
                0x0800132c       0x32 Drivers/STM32F3xx_HAL_Driver/Src/stm32f3xx_hal_tim.o
                0x0800132c                HAL_TIM_Base_Init
 *fill*         0x0800135e        0x2 
 .text.HAL_TIMEx_MasterConfigSynchronization
                0x08001360       0x58 Drivers/STM32F3xx_HAL_Driver/Src/stm32f3xx_hal_tim_ex.o
                0x08001360                HAL_TIMEx_MasterConfigSynchronization
 .text.HAL_TIMEx_CommutationCallback
                0x080013b8        0x2 Drivers/STM32F3xx_HAL_Driver/Src/stm32f3xx_hal_tim_ex.o
                0x080013b8                HAL_TIMEx_CommutationCallback
 .text.HAL_TIMEx_BreakCallback
                0x080013ba        0x2 Drivers/STM32F3xx_HAL_Driver/Src/stm32f3xx_hal_tim_ex.o
                0x080013ba                HAL_TIMEx_BreakCallback
 .text.HAL_TIMEx_Break2Callback
                0x080013bc        0x2 Drivers/STM32F3xx_HAL_Driver/Src/stm32f3xx_hal_tim_ex.o
                0x080013bc                HAL_TIMEx_Break2Callback
 .text.UART_EndRxTransfer
                0x080013be       0x1c Drivers/STM32F3xx_HAL_Driver/Src/stm32f3xx_hal_uart.o
 .text.HAL_UART_Receive_IT
                0x080013da       0x92 Drivers/STM32F3xx_HAL_Driver/Src/stm32f3xx_hal_uart.o
                0x080013da                HAL_UART_Receive_IT
 .text.HAL_UART_TxCpltCallback
                0x0800146c        0x2 Drivers/STM32F3xx_HAL_Driver/Src/stm32f3xx_hal_uart.o
                0x0800146c                HAL_UART_TxCpltCallback
 .text.HAL_UART_RxCpltCallback
                0x0800146e        0x2 Drivers/STM32F3xx_HAL_Driver/Src/stm32f3xx_hal_uart.o
                0x0800146e                HAL_UART_RxCpltCallback
 .text.HAL_UART_ErrorCallback
                0x08001470        0x2 Drivers/STM32F3xx_HAL_Driver/Src/stm32f3xx_hal_uart.o
                0x08001470                HAL_UART_ErrorCallback
 .text.UART_DMAAbortOnError
                0x08001472       0x14 Drivers/STM32F3xx_HAL_Driver/Src/stm32f3xx_hal_uart.o
 *fill*         0x08001486        0x2 
 .text.UART_SetConfig
                0x08001488      0x29c Drivers/STM32F3xx_HAL_Driver/Src/stm32f3xx_hal_uart.o
                0x08001488                UART_SetConfig
 .text.UART_AdvFeatureConfig
                0x08001724       0xca Drivers/STM32F3xx_HAL_Driver/Src/stm32f3xx_hal_uart.o
                0x08001724                UART_AdvFeatureConfig
 .text.UART_WaitOnFlagUntilTimeout
                0x080017ee       0x64 Drivers/STM32F3xx_HAL_Driver/Src/stm32f3xx_hal_uart.o
                0x080017ee                UART_WaitOnFlagUntilTimeout
 .text.HAL_UART_Transmit
                0x08001852       0xd0 Drivers/STM32F3xx_HAL_Driver/Src/stm32f3xx_hal_uart.o
                0x08001852                HAL_UART_Transmit
 .text.UART_CheckIdleState
                0x08001922       0x70 Drivers/STM32F3xx_HAL_Driver/Src/stm32f3xx_hal_uart.o
                0x08001922                UART_CheckIdleState
 .text.HAL_UART_Init
                0x08001992       0x68 Drivers/STM32F3xx_HAL_Driver/Src/stm32f3xx_hal_uart.o
                0x08001992                HAL_UART_Init
 .text.UART_Transmit_IT
                0x080019fa       0x6e Drivers/STM32F3xx_HAL_Driver/Src/stm32f3xx_hal_uart.o
                0x080019fa                UART_Transmit_IT
 .text.UART_EndTransmit_IT
                0x08001a68       0x1a Drivers/STM32F3xx_HAL_Driver/Src/stm32f3xx_hal_uart.o
                0x08001a68                UART_EndTransmit_IT
 .text.UART_Receive_IT
                0x08001a82       0x82 Drivers/STM32F3xx_HAL_Driver/Src/stm32f3xx_hal_uart.o
                0x08001a82                UART_Receive_IT
 .text.HAL_UART_IRQHandler
                0x08001b04      0x15c Drivers/STM32F3xx_HAL_Driver/Src/stm32f3xx_hal_uart.o
                0x08001b04                HAL_UART_IRQHandler
 .text.HAL_UARTEx_WakeupCallback
                0x08001c60        0x2 Drivers/STM32F3xx_HAL_Driver/Src/stm32f3xx_hal_uart_ex.o
                0x08001c60                HAL_UARTEx_WakeupCallback
 .text.dn_write_uint16_t
                0x08001c62        0x8 Src/cmlib/dn_endianness.o
                0x08001c62                dn_write_uint16_t
 .text.dn_read_uint16_t
                0x08001c6a       0x12 Src/cmlib/dn_endianness.o
                0x08001c6a                dn_read_uint16_t
 .text.dn_read_uint32_t
                0x08001c7c       0x22 Src/cmlib/dn_endianness.o
                0x08001c7c                dn_read_uint32_t
 *fill*         0x08001c9e        0x2 
 .text.dn_hdlc_init
                0x08001ca0       0x24 Src/cmlib/dn_hdlc.o
                0x08001ca0                dn_hdlc_init
 .text.dn_hdlc_outputOpen
                0x08001cc4       0x18 Src/cmlib/dn_hdlc.o
                0x08001cc4                dn_hdlc_outputOpen
 .text.dn_hdlc_inputOpen
                0x08001cdc       0x14 Src/cmlib/dn_hdlc.o
                0x08001cdc                dn_hdlc_inputOpen
 .text.dn_hdlc_inputClose
                0x08001cf0       0x28 Src/cmlib/dn_hdlc.o
                0x08001cf0                dn_hdlc_inputClose
 .text.dn_hdlc_crcIteration
                0x08001d18       0x14 Src/cmlib/dn_hdlc.o
                0x08001d18                dn_hdlc_crcIteration
 .text.dn_hdlc_outputWrite
                0x08001d2c       0x38 Src/cmlib/dn_hdlc.o
                0x08001d2c                dn_hdlc_outputWrite
 .text.dn_hdlc_outputClose
                0x08001d64       0x28 Src/cmlib/dn_hdlc.o
                0x08001d64                dn_hdlc_outputClose
 .text.dn_hdlc_inputWrite
                0x08001d8c       0x3c Src/cmlib/dn_hdlc.o
                0x08001d8c                dn_hdlc_inputWrite
 .text.dn_hdlc_rxByte
                0x08001dc8       0x84 Src/cmlib/dn_hdlc.o
                0x08001dc8                dn_hdlc_rxByte
 .text.dn_ipmt_join_reply
                0x08001e4c       0x30 Src/cmlib/dn_ipmt.o
                0x08001e4c                dn_ipmt_join_reply
 .text.dn_ipmt_openSocket_reply
                0x08001e7c       0x40 Src/cmlib/dn_ipmt.o
                0x08001e7c                dn_ipmt_openSocket_reply
 .text.dn_ipmt_bindSocket_reply
                0x08001ebc       0x30 Src/cmlib/dn_ipmt.o
                0x08001ebc                dn_ipmt_bindSocket_reply
 .text.dn_ipmt_sendTo_reply
                0x08001eec       0x30 Src/cmlib/dn_ipmt.o
                0x08001eec                dn_ipmt_sendTo_reply
 .text.dn_ipmt_getParameter_moteStatus_reply
                0x08001f1c       0x70 Src/cmlib/dn_ipmt.o
                0x08001f1c                dn_ipmt_getParameter_moteStatus_reply
 .text.dn_ipmt_rxSerialRequest
                0x08001f8c      0x17c Src/cmlib/dn_ipmt.o
                0x08001f8c                dn_ipmt_rxSerialRequest
 .text.dn_ipmt_init
                0x08002108       0x3c Src/cmlib/dn_ipmt.o
                0x08002108                dn_ipmt_init
 .text.dn_ipmt_cancelTx
                0x08002144       0x18 Src/cmlib/dn_ipmt.o
                0x08002144                dn_ipmt_cancelTx
 .text.dn_ipmt_getParameter_moteStatus
                0x0800215c       0x58 Src/cmlib/dn_ipmt.o
                0x0800215c                dn_ipmt_getParameter_moteStatus
 .text.dn_ipmt_join
                0x080021b4       0x50 Src/cmlib/dn_ipmt.o
                0x080021b4                dn_ipmt_join
 .text.dn_ipmt_openSocket
                0x08002204       0x54 Src/cmlib/dn_ipmt.o
                0x08002204                dn_ipmt_openSocket
 .text.dn_ipmt_bindSocket
                0x08002258       0x68 Src/cmlib/dn_ipmt.o
                0x08002258                dn_ipmt_bindSocket
 .text.dn_ipmt_sendTo
                0x080022c0       0xb0 Src/cmlib/dn_ipmt.o
                0x080022c0                dn_ipmt_sendTo
 .text.dn_lock  0x08002370        0x2 Src/cmlib/dn_lock.o
                0x08002370                dn_lock
 .text.dn_unlock
                0x08002372        0x2 Src/cmlib/dn_lock.o
                0x08002372                dn_unlock
 .text.dn_serial_mt_init
                0x08002374       0x24 Src/cmlib/dn_serial_mt.o
                0x08002374                dn_serial_mt_init
 .text.dn_serial_mt_sendRequest
                0x08002398       0x70 Src/cmlib/dn_serial_mt.o
                0x08002398                dn_serial_mt_sendRequest
 .text.dn_serial_sendReply
                0x08002408       0x4c Src/cmlib/dn_serial_mt.o
                0x08002408                dn_serial_sendReply
 .text.dn_serial_mt_dispatch_response
                0x08002454       0x2c Src/cmlib/dn_serial_mt.o
                0x08002454                dn_serial_mt_dispatch_response
 .text.dn_serial_mt_rxHdlcFrame
                0x08002480       0x78 Src/cmlib/dn_serial_mt.o
                0x08002480                dn_serial_mt_rxHdlcFrame
 .text.dn_uart_init
                0x080024f8       0x54 Src/cmlib/dn_uart.o
                0x080024f8                dn_uart_init
 .text.dn_uart_txByte
                0x0800254c       0x20 Src/cmlib/dn_uart.o
                0x0800254c                dn_uart_txByte
 .text.dn_uart_txFlush
                0x0800256c        0x2 Src/cmlib/dn_uart.o
                0x0800256c                dn_uart_txFlush
 *fill*         0x0800256e        0x2 
 .text.UART4_IRQHandler
                0x08002570       0x30 Src/cmlib/dn_uart.o
                0x08002570                UART4_IRQHandler
 .text.fsm_scheduleEvent
                0x080025a0       0x18 Src/cmlib/sm.o
                0x080025a0                fsm_scheduleEvent
 .text.api_response_timeout
                0x080025b8       0x18 Src/cmlib/sm.o
                0x080025b8                api_response_timeout
 .text.fsm_cancelEvent
                0x080025d0       0x18 Src/cmlib/sm.o
                0x080025d0                fsm_cancelEvent
 .text.api_getMoteStatus_reply
                0x080025e8       0x48 Src/cmlib/sm.o
                0x080025e8                api_getMoteStatus_reply
 .text.api_openSocket_reply
                0x08002630       0x20 Src/cmlib/sm.o
                0x08002630                api_openSocket_reply
 .text.api_bindSocket_reply
                0x08002650       0x18 Src/cmlib/sm.o
                0x08002650                api_bindSocket_reply
 .text.api_join_reply
                0x08002668        0x8 Src/cmlib/sm.o
                0x08002668                api_join_reply
 .text.api_sendTo_reply
                0x08002670       0x18 Src/cmlib/sm.o
                0x08002670                api_sendTo_reply
 .text.fsm_setCallback
                0x08002688        0xc Src/cmlib/sm.o
                0x08002688                fsm_setCallback
 .text.api_getMoteStatus
                0x08002694       0x28 Src/cmlib/sm.o
                0x08002694                api_getMoteStatus
 .text.api_openSocket
                0x080026bc       0x28 Src/cmlib/sm.o
                0x080026bc                api_openSocket
 .text.api_bindSocket
                0x080026e4       0x30 Src/cmlib/sm.o
                0x080026e4                api_bindSocket
 .text.api_join
                0x08002714       0x28 Src/cmlib/sm.o
                0x08002714                api_join
 .text.api_sendTo
                0x0800273c       0x8c Src/cmlib/sm.o
                0x0800273c                api_sendTo
 .text.dn_ipmt_notif_cb
                0x080027c8       0x3c Src/cmlib/sm.o
                0x080027c8                dn_ipmt_notif_cb
 .text.dn_ipmt_reply_cb
                0x08002804       0x10 Src/cmlib/sm.o
                0x08002804                dn_ipmt_reply_cb
 .text.HAL_TIM_PeriodElapsedCallback
                0x08002814       0x10 Src/cmlib/sm.o
                0x08002814                HAL_TIM_PeriodElapsedCallback
 .text.MX_GPIO_Init
                0x08002824      0x10c Src/gpio.o
                0x08002824                MX_GPIO_Init
 .text._Error_Handler
                0x08002930        0x2 Src/main.o
                0x08002930                _Error_Handler
 *fill*         0x08002932        0x2 
 .text.SystemClock_Config
                0x08002934       0xa0 Src/main.o
                0x08002934                SystemClock_Config
 .text.main     0x080029d4       0x4c Src/main.o
                0x080029d4                main
 .text.HAL_MspInit
                0x08002a20       0x7c Src/stm32f3xx_hal_msp.o
                0x08002a20                HAL_MspInit
 .text.SysTick_Handler
                0x08002a9c        0xc Src/stm32f3xx_it.o
                0x08002a9c                SysTick_Handler
 .text.TIM6_DAC_IRQHandler
                0x08002aa8       0x10 Src/stm32f3xx_it.o
                0x08002aa8                TIM6_DAC_IRQHandler
 .text.SystemInit
                0x08002ab8       0x68 Src/system_stm32f3xx.o
                0x08002ab8                SystemInit
 .text.MX_TIM6_Init
                0x08002b20       0x5c Src/tim.o
                0x08002b20                MX_TIM6_Init
 .text.HAL_TIM_Base_MspInit
                0x08002b7c       0x40 Src/tim.o
                0x08002b7c                HAL_TIM_Base_MspInit
 .text.HAL_UART_MspInit
                0x08002bbc       0x60 Src/usart.o
                0x08002bbc                HAL_UART_MspInit
 .text.Reset_Handler
                0x08002c1c       0x50 startup/startup_stm32f303xc.o
                0x08002c1c                Reset_Handler
 .text.Default_Handler
                0x08002c6c        0x2 startup/startup_stm32f303xc.o
                0x08002c6c                RTC_Alarm_IRQHandler
                0x08002c6c                TIM8_TRG_COM_IRQHandler
                0x08002c6c                TIM8_CC_IRQHandler
                0x08002c6c                DebugMon_Handler
                0x08002c6c                TIM1_CC_IRQHandler
                0x08002c6c                HardFault_Handler
                0x08002c6c                USB_HP_IRQHandler
                0x08002c6c                PVD_IRQHandler
                0x08002c6c                TAMP_STAMP_IRQHandler
                0x08002c6c                PendSV_Handler
                0x08002c6c                NMI_Handler
                0x08002c6c                EXTI3_IRQHandler
                0x08002c6c                USB_HP_CAN_TX_IRQHandler
                0x08002c6c                EXTI0_IRQHandler
                0x08002c6c                I2C2_EV_IRQHandler
                0x08002c6c                FPU_IRQHandler
                0x08002c6c                TIM1_UP_TIM16_IRQHandler
                0x08002c6c                UsageFault_Handler
                0x08002c6c                ADC1_2_IRQHandler
                0x08002c6c                SPI1_IRQHandler
                0x08002c6c                CAN_SCE_IRQHandler
                0x08002c6c                TIM8_UP_IRQHandler
                0x08002c6c                DMA2_Channel2_IRQHandler
                0x08002c6c                DMA1_Channel4_IRQHandler
                0x08002c6c                USART3_IRQHandler
                0x08002c6c                DMA1_Channel7_IRQHandler
                0x08002c6c                UART5_IRQHandler
                0x08002c6c                ADC3_IRQHandler
                0x08002c6c                TIM4_IRQHandler
                0x08002c6c                CAN_RX1_IRQHandler
                0x08002c6c                DMA2_Channel1_IRQHandler
                0x08002c6c                I2C1_EV_IRQHandler
                0x08002c6c                DMA1_Channel6_IRQHandler
                0x08002c6c                DMA2_Channel4_IRQHandler
                0x08002c6c                TIM3_IRQHandler
                0x08002c6c                RCC_IRQHandler
                0x08002c6c                DMA1_Channel1_IRQHandler
                0x08002c6c                Default_Handler
                0x08002c6c                USBWakeUp_RMP_IRQHandler
                0x08002c6c                EXTI15_10_IRQHandler
                0x08002c6c                TIM7_IRQHandler
                0x08002c6c                EXTI9_5_IRQHandler
                0x08002c6c                RTC_WKUP_IRQHandler
                0x08002c6c                SPI2_IRQHandler
                0x08002c6c                USB_LP_CAN_RX0_IRQHandler
                0x08002c6c                MemManage_Handler
                0x08002c6c                SVC_Handler
                0x08002c6c                DMA2_Channel5_IRQHandler
                0x08002c6c                DMA1_Channel5_IRQHandler
                0x08002c6c                USB_LP_IRQHandler
                0x08002c6c                EXTI4_IRQHandler
                0x08002c6c                TIM1_TRG_COM_TIM17_IRQHandler
                0x08002c6c                DMA1_Channel3_IRQHandler
                0x08002c6c                ADC4_IRQHandler
                0x08002c6c                WWDG_IRQHandler
                0x08002c6c                TIM2_IRQHandler
                0x08002c6c                COMP7_IRQHandler
                0x08002c6c                COMP1_2_3_IRQHandler
                0x08002c6c                EXTI1_IRQHandler
                0x08002c6c                USART2_IRQHandler
                0x08002c6c                COMP4_5_6_IRQHandler
                0x08002c6c                I2C2_ER_IRQHandler
                0x08002c6c                DMA1_Channel2_IRQHandler
                0x08002c6c                TIM8_BRK_IRQHandler
                0x08002c6c                FLASH_IRQHandler
                0x08002c6c                BusFault_Handler
                0x08002c6c                USART1_IRQHandler
                0x08002c6c                SPI3_IRQHandler
                0x08002c6c                I2C1_ER_IRQHandler
                0x08002c6c                USBWakeUp_IRQHandler
                0x08002c6c                DMA2_Channel3_IRQHandler
                0x08002c6c                EXTI2_TSC_IRQHandler
                0x08002c6c                TIM1_BRK_TIM15_IRQHandler
 *fill*         0x08002c6e        0x2 
 .text.__libc_init_array
                0x08002c70       0x48 c:/ac6/systemworkbench/plugins/fr.ac6.mcu.externaltools.arm-none.win32_1.15.0.201708311556/tools/compiler/bin/../lib/gcc/arm-none-eabi/6.3.1/../../../../arm-none-eabi/lib/thumb/v7e-m/fpv4-sp/hard\libc_nano.a(lib_a-init.o)
                0x08002c70                __libc_init_array
 .text.memcpy   0x08002cb8       0x16 c:/ac6/systemworkbench/plugins/fr.ac6.mcu.externaltools.arm-none.win32_1.15.0.201708311556/tools/compiler/bin/../lib/gcc/arm-none-eabi/6.3.1/../../../../arm-none-eabi/lib/thumb/v7e-m/fpv4-sp/hard\libc_nano.a(lib_a-memcpy-stub.o)
                0x08002cb8                memcpy
 .text.memset   0x08002cce       0x10 c:/ac6/systemworkbench/plugins/fr.ac6.mcu.externaltools.arm-none.win32_1.15.0.201708311556/tools/compiler/bin/../lib/gcc/arm-none-eabi/6.3.1/../../../../arm-none-eabi/lib/thumb/v7e-m/fpv4-sp/hard\libc_nano.a(lib_a-memset.o)
                0x08002cce                memset
 *(.glue_7)
 .glue_7        0x08002cde        0x0 linker stubs
 *(.glue_7t)
 .glue_7t       0x08002cde        0x0 linker stubs
 *(.eh_frame)
 *fill*         0x08002cde        0x2 
 .eh_frame      0x08002ce0        0x0 c:/ac6/systemworkbench/plugins/fr.ac6.mcu.externaltools.arm-none.win32_1.15.0.201708311556/tools/compiler/bin/../lib/gcc/arm-none-eabi/6.3.1/thumb/v7e-m/fpv4-sp/hard/crtbegin.o
 *(.init)
 .init          0x08002ce0        0x4 c:/ac6/systemworkbench/plugins/fr.ac6.mcu.externaltools.arm-none.win32_1.15.0.201708311556/tools/compiler/bin/../lib/gcc/arm-none-eabi/6.3.1/thumb/v7e-m/fpv4-sp/hard/crti.o
                0x08002ce0                _init
 .init          0x08002ce4        0x8 c:/ac6/systemworkbench/plugins/fr.ac6.mcu.externaltools.arm-none.win32_1.15.0.201708311556/tools/compiler/bin/../lib/gcc/arm-none-eabi/6.3.1/thumb/v7e-m/fpv4-sp/hard/crtn.o
 *(.fini)
 .fini          0x08002cec        0x4 c:/ac6/systemworkbench/plugins/fr.ac6.mcu.externaltools.arm-none.win32_1.15.0.201708311556/tools/compiler/bin/../lib/gcc/arm-none-eabi/6.3.1/thumb/v7e-m/fpv4-sp/hard/crti.o
                0x08002cec                _fini
 .fini          0x08002cf0        0x8 c:/ac6/systemworkbench/plugins/fr.ac6.mcu.externaltools.arm-none.win32_1.15.0.201708311556/tools/compiler/bin/../lib/gcc/arm-none-eabi/6.3.1/thumb/v7e-m/fpv4-sp/hard/crtn.o
                0x08002cf8                . = ALIGN (0x4)
                0x08002cf8                _etext = .

.vfp11_veneer   0x08002cf8        0x0
 .vfp11_veneer  0x08002cf8        0x0 linker stubs

.v4_bx          0x08002cf8        0x0
 .v4_bx         0x08002cf8        0x0 linker stubs

.iplt           0x08002cf8        0x0
 .iplt          0x08002cf8        0x0 c:/ac6/systemworkbench/plugins/fr.ac6.mcu.externaltools.arm-none.win32_1.15.0.201708311556/tools/compiler/bin/../lib/gcc/arm-none-eabi/6.3.1/thumb/v7e-m/fpv4-sp/hard/crtbegin.o

.rodata         0x08002cf8      0x280
                0x08002cf8                . = ALIGN (0x4)
 *(.rodata)
 .rodata        0x08002cf8       0x20 Drivers/STM32F3xx_HAL_Driver/Src/stm32f3xx_hal_rcc.o
                0x08002cf8                aPLLMULFactorTable
                0x08002d08                aPredivFactorTable
 .rodata        0x08002d18      0x200 Src/cmlib/dn_hdlc.o
 .rodata        0x08002f18       0x10 Src/cmlib/sm.o
 .rodata        0x08002f28       0x18 Src/system_stm32f3xx.o
                0x08002f28                AHBPrescTable
                0x08002f38                APBPrescTable
 *(.rodata*)
 .rodata.str1.4
                0x08002f40       0x17 Src/cmlib/dn_uart.o
 *fill*         0x08002f57        0x1 
 .rodata.str1.4
                0x08002f58        0xe Src/main.o
 *fill*         0x08002f66        0x2 
 .rodata.str1.4
                0x08002f68       0x10 Src/tim.o
                                  0xd (size before relaxing)
                0x08002f78                . = ALIGN (0x4)

.rel.dyn        0x08002f78        0x0
 .rel.iplt      0x08002f78        0x0 c:/ac6/systemworkbench/plugins/fr.ac6.mcu.externaltools.arm-none.win32_1.15.0.201708311556/tools/compiler/bin/../lib/gcc/arm-none-eabi/6.3.1/thumb/v7e-m/fpv4-sp/hard/crtbegin.o

.ARM.extab
 *(.ARM.extab* .gnu.linkonce.armextab.*)

.ARM            0x08002f78        0x0
                0x08002f78                __exidx_start = .
 *(.ARM.exidx*)
                0x08002f78                __exidx_end = .

.preinit_array  0x08002f78        0x0
                0x08002f78                PROVIDE (__preinit_array_start, .)
 *(.preinit_array*)
                0x08002f78                PROVIDE (__preinit_array_end, .)

.init_array     0x08002f78        0x4
                0x08002f78                PROVIDE (__init_array_start, .)
 *(SORT(.init_array.*))
 *(.init_array*)
 .init_array    0x08002f78        0x4 c:/ac6/systemworkbench/plugins/fr.ac6.mcu.externaltools.arm-none.win32_1.15.0.201708311556/tools/compiler/bin/../lib/gcc/arm-none-eabi/6.3.1/thumb/v7e-m/fpv4-sp/hard/crtbegin.o
                0x08002f7c                PROVIDE (__init_array_end, .)

.fini_array     0x08002f7c        0x4
                [!provide]                PROVIDE (__fini_array_start, .)
 *(SORT(.fini_array.*))
 *(.fini_array*)
 .fini_array    0x08002f7c        0x4 c:/ac6/systemworkbench/plugins/fr.ac6.mcu.externaltools.arm-none.win32_1.15.0.201708311556/tools/compiler/bin/../lib/gcc/arm-none-eabi/6.3.1/thumb/v7e-m/fpv4-sp/hard/crtbegin.o
                [!provide]                PROVIDE (__fini_array_end, .)
                0x08002f80                _sidata = LOADADDR (.data)

.data           0x20000000       0x10 load address 0x08002f80
                0x20000000                . = ALIGN (0x4)
                0x20000000                _sdata = .
 *(.data)
 .data          0x20000000        0x8 Drivers/STM32F3xx_HAL_Driver/Src/stm32f3xx_hal.o
                0x20000000                uwTickFreq
                0x20000004                uwTickPrio
 .data          0x20000008        0x2 Src/cmlib/sm.o
 *fill*         0x2000000a        0x2 
 .data          0x2000000c        0x4 Src/system_stm32f3xx.o
                0x2000000c                SystemCoreClock
 *(.data*)
                0x20000010                . = ALIGN (0x4)
                0x20000010                _edata = .
                0x08002f90                _siccmram = LOADADDR (.ccmram)

.jcr            0x20000010        0x0 load address 0x08002f90
 .jcr           0x20000010        0x0 c:/ac6/systemworkbench/plugins/fr.ac6.mcu.externaltools.arm-none.win32_1.15.0.201708311556/tools/compiler/bin/../lib/gcc/arm-none-eabi/6.3.1/thumb/v7e-m/fpv4-sp/hard/crtbegin.o

.igot.plt       0x20000010        0x0 load address 0x08002f90
 .igot.plt      0x20000010        0x0 c:/ac6/systemworkbench/plugins/fr.ac6.mcu.externaltools.arm-none.win32_1.15.0.201708311556/tools/compiler/bin/../lib/gcc/arm-none-eabi/6.3.1/thumb/v7e-m/fpv4-sp/hard/crtbegin.o

.ccmram         0x10000000        0x0 load address 0x08002f90
                0x10000000                . = ALIGN (0x4)
                0x10000000                _sccmram = .
 *(.ccmram)
 *(.ccmram*)
                0x10000000                . = ALIGN (0x4)
                0x10000000                _eccmram = .
                0x10000000                . = ALIGN (0x4)

.bss            0x20000010      0x32c
                0x20000010                _sbss = .
                0x20000010                __bss_start__ = _sbss
 *(.bss)
 .bss           0x20000010       0x1c c:/ac6/systemworkbench/plugins/fr.ac6.mcu.externaltools.arm-none.win32_1.15.0.201708311556/tools/compiler/bin/../lib/gcc/arm-none-eabi/6.3.1/thumb/v7e-m/fpv4-sp/hard/crtbegin.o
 *(.bss*)
 *(COMMON)
 COMMON         0x2000002c        0x4 Drivers/STM32F3xx_HAL_Driver/Src/stm32f3xx_hal.o
                0x2000002c                uwTick
 COMMON         0x20000030      0x100 Src/cmlib/dn_hdlc.o
                0x20000030                dn_hdlc_vars
                0x200000c0                huart4
 COMMON         0x20000130       0x98 Src/cmlib/dn_ipmt.o
                0x20000130                dn_ipmt_vars
 COMMON         0x200001c8        0xc Src/cmlib/dn_serial_mt.o
                0x200001c8                dn_serial_mt_vars
 COMMON         0x200001d4        0x4 Src/cmlib/dn_uart.o
                0x200001d4                dn_uart_vars
 COMMON         0x200001d8      0x121 Src/cmlib/sm.o
                0x200001d8                dest_addr
                0x200001e8                app_vars
                0x200002f8                payload
 *fill*         0x200002f9        0x3 
 COMMON         0x200002fc       0x40 Src/tim.o
                0x200002fc                htim6
                0x2000033c                . = ALIGN (0x4)
                0x2000033c                _ebss = .
                0x2000033c                __bss_end__ = _ebss

._user_heap_stack
                0x2000033c      0x604
                0x20000340                . = ALIGN (0x8)
 *fill*         0x2000033c        0x4 
                [!provide]                PROVIDE (end, .)
                [!provide]                PROVIDE (_end, .)
                0x20000540                . = (. + _Min_Heap_Size)
 *fill*         0x20000340      0x200 
                0x20000940                . = (. + _Min_Stack_Size)
 *fill*         0x20000540      0x400 
                0x20000940                . = ALIGN (0x8)

/DISCARD/
 libc.a(*)
 libm.a(*)
 libgcc.a(*)

.ARM.attributes
                0x00000000       0x30
 *(.ARM.attributes)
 .ARM.attributes
                0x00000000       0x22 c:/ac6/systemworkbench/plugins/fr.ac6.mcu.externaltools.arm-none.win32_1.15.0.201708311556/tools/compiler/bin/../lib/gcc/arm-none-eabi/6.3.1/thumb/v7e-m/fpv4-sp/hard/crti.o
 .ARM.attributes
                0x00000022       0x34 c:/ac6/systemworkbench/plugins/fr.ac6.mcu.externaltools.arm-none.win32_1.15.0.201708311556/tools/compiler/bin/../lib/gcc/arm-none-eabi/6.3.1/thumb/v7e-m/fpv4-sp/hard/crtbegin.o
 .ARM.attributes
                0x00000056       0x39 Drivers/STM32F3xx_HAL_Driver/Src/stm32f3xx_hal.o
 .ARM.attributes
                0x0000008f       0x39 Drivers/STM32F3xx_HAL_Driver/Src/stm32f3xx_hal_cortex.o
 .ARM.attributes
                0x000000c8       0x39 Drivers/STM32F3xx_HAL_Driver/Src/stm32f3xx_hal_dma.o
 .ARM.attributes
                0x00000101       0x39 Drivers/STM32F3xx_HAL_Driver/Src/stm32f3xx_hal_gpio.o
 .ARM.attributes
                0x0000013a       0x39 Drivers/STM32F3xx_HAL_Driver/Src/stm32f3xx_hal_rcc.o
 .ARM.attributes
                0x00000173       0x39 Drivers/STM32F3xx_HAL_Driver/Src/stm32f3xx_hal_rcc_ex.o
 .ARM.attributes
                0x000001ac       0x39 Drivers/STM32F3xx_HAL_Driver/Src/stm32f3xx_hal_tim.o
 .ARM.attributes
                0x000001e5       0x39 Drivers/STM32F3xx_HAL_Driver/Src/stm32f3xx_hal_tim_ex.o
 .ARM.attributes
                0x0000021e       0x39 Drivers/STM32F3xx_HAL_Driver/Src/stm32f3xx_hal_uart.o
 .ARM.attributes
                0x00000257       0x39 Drivers/STM32F3xx_HAL_Driver/Src/stm32f3xx_hal_uart_ex.o
 .ARM.attributes
                0x00000290       0x39 Src/cmlib/dn_endianness.o
 .ARM.attributes
                0x000002c9       0x39 Src/cmlib/dn_hdlc.o
 .ARM.attributes
                0x00000302       0x39 Src/cmlib/dn_ipmt.o
 .ARM.attributes
                0x0000033b       0x39 Src/cmlib/dn_lock.o
 .ARM.attributes
                0x00000374       0x39 Src/cmlib/dn_serial_mt.o
 .ARM.attributes
                0x000003ad       0x39 Src/cmlib/dn_uart.o
 .ARM.attributes
                0x000003e6       0x39 Src/cmlib/sm.o
 .ARM.attributes
                0x0000041f       0x39 Src/gpio.o
 .ARM.attributes
                0x00000458       0x39 Src/main.o
 .ARM.attributes
                0x00000491       0x39 Src/stm32f3xx_hal_msp.o
 .ARM.attributes
                0x000004ca       0x39 Src/stm32f3xx_it.o
 .ARM.attributes
                0x00000503       0x39 Src/system_stm32f3xx.o
 .ARM.attributes
                0x0000053c       0x39 Src/tim.o
 .ARM.attributes
                0x00000575       0x39 Src/usart.o
 .ARM.attributes
                0x000005ae       0x21 startup/startup_stm32f303xc.o
 .ARM.attributes
                0x000005cf       0x34 c:/ac6/systemworkbench/plugins/fr.ac6.mcu.externaltools.arm-none.win32_1.15.0.201708311556/tools/compiler/bin/../lib/gcc/arm-none-eabi/6.3.1/../../../../arm-none-eabi/lib/thumb/v7e-m/fpv4-sp/hard\libc_nano.a(lib_a-init.o)
 .ARM.attributes
                0x00000603       0x34 c:/ac6/systemworkbench/plugins/fr.ac6.mcu.externaltools.arm-none.win32_1.15.0.201708311556/tools/compiler/bin/../lib/gcc/arm-none-eabi/6.3.1/../../../../arm-none-eabi/lib/thumb/v7e-m/fpv4-sp/hard\libc_nano.a(lib_a-memcpy-stub.o)
 .ARM.attributes
                0x00000637       0x34 c:/ac6/systemworkbench/plugins/fr.ac6.mcu.externaltools.arm-none.win32_1.15.0.201708311556/tools/compiler/bin/../lib/gcc/arm-none-eabi/6.3.1/../../../../arm-none-eabi/lib/thumb/v7e-m/fpv4-sp/hard\libc_nano.a(lib_a-memset.o)
 .ARM.attributes
                0x0000066b       0x22 c:/ac6/systemworkbench/plugins/fr.ac6.mcu.externaltools.arm-none.win32_1.15.0.201708311556/tools/compiler/bin/../lib/gcc/arm-none-eabi/6.3.1/thumb/v7e-m/fpv4-sp/hard/crtn.o
OUTPUT(IPMote.elf elf32-littlearm)

.debug_info     0x00000000    0x21abc
 .debug_info    0x00000000     0x108c Drivers/STM32F3xx_HAL_Driver/Src/stm32f3xx_hal.o
 .debug_info    0x0000108c     0x16c4 Drivers/STM32F3xx_HAL_Driver/Src/stm32f3xx_hal_cortex.o
 .debug_info    0x00002750     0x104d Drivers/STM32F3xx_HAL_Driver/Src/stm32f3xx_hal_dma.o
 .debug_info    0x0000379d      0xef1 Drivers/STM32F3xx_HAL_Driver/Src/stm32f3xx_hal_gpio.o
 .debug_info    0x0000468e     0x1bb3 Drivers/STM32F3xx_HAL_Driver/Src/stm32f3xx_hal_rcc.o
 .debug_info    0x00006241      0xf84 Drivers/STM32F3xx_HAL_Driver/Src/stm32f3xx_hal_rcc_ex.o
 .debug_info    0x000071c5     0x37c1 Drivers/STM32F3xx_HAL_Driver/Src/stm32f3xx_hal_tim.o
 .debug_info    0x0000a986     0x1eb9 Drivers/STM32F3xx_HAL_Driver/Src/stm32f3xx_hal_tim_ex.o
 .debug_info    0x0000c83f     0x21e2 Drivers/STM32F3xx_HAL_Driver/Src/stm32f3xx_hal_uart.o
 .debug_info    0x0000ea21     0x1145 Drivers/STM32F3xx_HAL_Driver/Src/stm32f3xx_hal_uart_ex.o
 .debug_info    0x0000fb66      0x9ae Src/cmlib/dn_endianness.o
 .debug_info    0x00010514     0x11da Src/cmlib/dn_hdlc.o
 .debug_info    0x000116ee     0x5258 Src/cmlib/dn_ipmt.o
 .debug_info    0x00016946      0x8c2 Src/cmlib/dn_lock.o
 .debug_info    0x00017208      0xf28 Src/cmlib/dn_serial_mt.o
 .debug_info    0x00018130     0x101c Src/cmlib/dn_uart.o
 .debug_info    0x0001914c     0x165d Src/cmlib/sm.o
 .debug_info    0x0001a7a9      0xcb8 Src/gpio.o
 .debug_info    0x0001b461     0x1859 Src/main.o
 .debug_info    0x0001ccba      0xd00 Src/stm32f3xx_hal_msp.o
 .debug_info    0x0001d9ba      0xe5c Src/stm32f3xx_it.o
 .debug_info    0x0001e816      0xc34 Src/system_stm32f3xx.o
 .debug_info    0x0001f44a     0x1267 Src/tim.o
 .debug_info    0x000206b1     0x13b1 Src/usart.o
 .debug_info    0x00021a62       0x5a startup/startup_stm32f303xc.o

.debug_abbrev   0x00000000     0x3f8a
 .debug_abbrev  0x00000000      0x2e3 Drivers/STM32F3xx_HAL_Driver/Src/stm32f3xx_hal.o
 .debug_abbrev  0x000002e3      0x3b8 Drivers/STM32F3xx_HAL_Driver/Src/stm32f3xx_hal_cortex.o
 .debug_abbrev  0x0000069b      0x2d4 Drivers/STM32F3xx_HAL_Driver/Src/stm32f3xx_hal_dma.o
 .debug_abbrev  0x0000096f      0x2a5 Drivers/STM32F3xx_HAL_Driver/Src/stm32f3xx_hal_gpio.o
 .debug_abbrev  0x00000c14      0x343 Drivers/STM32F3xx_HAL_Driver/Src/stm32f3xx_hal_rcc.o
 .debug_abbrev  0x00000f57      0x334 Drivers/STM32F3xx_HAL_Driver/Src/stm32f3xx_hal_rcc_ex.o
 .debug_abbrev  0x0000128b      0x2dc Drivers/STM32F3xx_HAL_Driver/Src/stm32f3xx_hal_tim.o
 .debug_abbrev  0x00001567      0x2dc Drivers/STM32F3xx_HAL_Driver/Src/stm32f3xx_hal_tim_ex.o
 .debug_abbrev  0x00001843      0x2e9 Drivers/STM32F3xx_HAL_Driver/Src/stm32f3xx_hal_uart.o
 .debug_abbrev  0x00001b2c      0x2a6 Drivers/STM32F3xx_HAL_Driver/Src/stm32f3xx_hal_uart_ex.o
 .debug_abbrev  0x00001dd2      0x1d1 Src/cmlib/dn_endianness.o
 .debug_abbrev  0x00001fa3      0x2c7 Src/cmlib/dn_hdlc.o
 .debug_abbrev  0x0000226a      0x350 Src/cmlib/dn_ipmt.o
 .debug_abbrev  0x000025ba      0x197 Src/cmlib/dn_lock.o
 .debug_abbrev  0x00002751      0x294 Src/cmlib/dn_serial_mt.o
 .debug_abbrev  0x000029e5      0x27f Src/cmlib/dn_uart.o
 .debug_abbrev  0x00002c64      0x32b Src/cmlib/sm.o
 .debug_abbrev  0x00002f8f      0x229 Src/gpio.o
 .debug_abbrev  0x000031b8      0x2b7 Src/main.o
 .debug_abbrev  0x0000346f      0x232 Src/stm32f3xx_hal_msp.o
 .debug_abbrev  0x000036a1      0x205 Src/stm32f3xx_it.o
 .debug_abbrev  0x000038a6      0x205 Src/system_stm32f3xx.o
 .debug_abbrev  0x00003aab      0x26e Src/tim.o
 .debug_abbrev  0x00003d19      0x25f Src/usart.o
 .debug_abbrev  0x00003f78       0x12 startup/startup_stm32f303xc.o

.debug_loc      0x00000000     0xdf83
 .debug_loc     0x00000000      0x108 Drivers/STM32F3xx_HAL_Driver/Src/stm32f3xx_hal.o
 .debug_loc     0x00000108      0x5ce Drivers/STM32F3xx_HAL_Driver/Src/stm32f3xx_hal_cortex.o
 .debug_loc     0x000006d6      0x708 Drivers/STM32F3xx_HAL_Driver/Src/stm32f3xx_hal_dma.o
 .debug_loc     0x00000dde      0x331 Drivers/STM32F3xx_HAL_Driver/Src/stm32f3xx_hal_gpio.o
 .debug_loc     0x0000110f      0x908 Drivers/STM32F3xx_HAL_Driver/Src/stm32f3xx_hal_rcc.o
 .debug_loc     0x00001a17      0x811 Drivers/STM32F3xx_HAL_Driver/Src/stm32f3xx_hal_rcc_ex.o
 .debug_loc     0x00002228     0x35de Drivers/STM32F3xx_HAL_Driver/Src/stm32f3xx_hal_tim.o
 .debug_loc     0x00005806     0x18d8 Drivers/STM32F3xx_HAL_Driver/Src/stm32f3xx_hal_tim_ex.o
 .debug_loc     0x000070de     0x17b7 Drivers/STM32F3xx_HAL_Driver/Src/stm32f3xx_hal_uart.o
 .debug_loc     0x00008895      0x31c Drivers/STM32F3xx_HAL_Driver/Src/stm32f3xx_hal_uart_ex.o
 .debug_loc     0x00008bb1      0x11c Src/cmlib/dn_hdlc.o
 .debug_loc     0x00008ccd     0x4ae2 Src/cmlib/dn_ipmt.o
 .debug_loc     0x0000d7af      0x466 Src/cmlib/dn_serial_mt.o
 .debug_loc     0x0000dc15       0x4f Src/cmlib/dn_uart.o
 .debug_loc     0x0000dc64      0x16a Src/cmlib/sm.o
 .debug_loc     0x0000ddce       0xff Src/system_stm32f3xx.o
 .debug_loc     0x0000decd       0x5b Src/tim.o
 .debug_loc     0x0000df28       0x5b Src/usart.o

.debug_aranges  0x00000000     0x1078
 .debug_aranges
                0x00000000       0xe0 Drivers/STM32F3xx_HAL_Driver/Src/stm32f3xx_hal.o
 .debug_aranges
                0x000000e0       0xa8 Drivers/STM32F3xx_HAL_Driver/Src/stm32f3xx_hal_cortex.o
 .debug_aranges
                0x00000188       0x88 Drivers/STM32F3xx_HAL_Driver/Src/stm32f3xx_hal_dma.o
 .debug_aranges
                0x00000210       0x58 Drivers/STM32F3xx_HAL_Driver/Src/stm32f3xx_hal_gpio.o
 .debug_aranges
                0x00000268       0x88 Drivers/STM32F3xx_HAL_Driver/Src/stm32f3xx_hal_rcc.o
 .debug_aranges
                0x000002f0       0x38 Drivers/STM32F3xx_HAL_Driver/Src/stm32f3xx_hal_rcc_ex.o
 .debug_aranges
                0x00000328      0x378 Drivers/STM32F3xx_HAL_Driver/Src/stm32f3xx_hal_tim.o
 .debug_aranges
                0x000006a0      0x178 Drivers/STM32F3xx_HAL_Driver/Src/stm32f3xx_hal_tim_ex.o
 .debug_aranges
                0x00000818      0x1f0 Drivers/STM32F3xx_HAL_Driver/Src/stm32f3xx_hal_uart.o
 .debug_aranges
                0x00000a08       0x48 Drivers/STM32F3xx_HAL_Driver/Src/stm32f3xx_hal_uart_ex.o
 .debug_aranges
                0x00000a50       0x38 Src/cmlib/dn_endianness.o
 .debug_aranges
                0x00000a88       0x60 Src/cmlib/dn_hdlc.o
 .debug_aranges
                0x00000ae8      0x300 Src/cmlib/dn_ipmt.o
 .debug_aranges
                0x00000de8       0x28 Src/cmlib/dn_lock.o
 .debug_aranges
                0x00000e10       0x40 Src/cmlib/dn_serial_mt.o
 .debug_aranges
                0x00000e50       0x38 Src/cmlib/dn_uart.o
 .debug_aranges
                0x00000e88       0xa8 Src/cmlib/sm.o
 .debug_aranges
                0x00000f30       0x20 Src/gpio.o
 .debug_aranges
                0x00000f50       0x30 Src/main.o
 .debug_aranges
                0x00000f80       0x20 Src/stm32f3xx_hal_msp.o
 .debug_aranges
                0x00000fa0       0x28 Src/stm32f3xx_it.o
 .debug_aranges
                0x00000fc8       0x28 Src/system_stm32f3xx.o
 .debug_aranges
                0x00000ff0       0x30 Src/tim.o
 .debug_aranges
                0x00001020       0x30 Src/usart.o
 .debug_aranges
                0x00001050       0x28 startup/startup_stm32f303xc.o

.debug_ranges   0x00000000      0xf88
 .debug_ranges  0x00000000       0xd0 Drivers/STM32F3xx_HAL_Driver/Src/stm32f3xx_hal.o
 .debug_ranges  0x000000d0       0xf8 Drivers/STM32F3xx_HAL_Driver/Src/stm32f3xx_hal_cortex.o
 .debug_ranges  0x000001c8       0x78 Drivers/STM32F3xx_HAL_Driver/Src/stm32f3xx_hal_dma.o
 .debug_ranges  0x00000240       0x48 Drivers/STM32F3xx_HAL_Driver/Src/stm32f3xx_hal_gpio.o
 .debug_ranges  0x00000288       0x98 Drivers/STM32F3xx_HAL_Driver/Src/stm32f3xx_hal_rcc.o
 .debug_ranges  0x00000320       0x40 Drivers/STM32F3xx_HAL_Driver/Src/stm32f3xx_hal_rcc_ex.o
 .debug_ranges  0x00000360      0x368 Drivers/STM32F3xx_HAL_Driver/Src/stm32f3xx_hal_tim.o
 .debug_ranges  0x000006c8      0x168 Drivers/STM32F3xx_HAL_Driver/Src/stm32f3xx_hal_tim_ex.o
 .debug_ranges  0x00000830      0x1e0 Drivers/STM32F3xx_HAL_Driver/Src/stm32f3xx_hal_uart.o
 .debug_ranges  0x00000a10       0x38 Drivers/STM32F3xx_HAL_Driver/Src/stm32f3xx_hal_uart_ex.o
 .debug_ranges  0x00000a48       0x28 Src/cmlib/dn_endianness.o
 .debug_ranges  0x00000a70       0x50 Src/cmlib/dn_hdlc.o
 .debug_ranges  0x00000ac0      0x2f0 Src/cmlib/dn_ipmt.o
 .debug_ranges  0x00000db0       0x18 Src/cmlib/dn_lock.o
 .debug_ranges  0x00000dc8       0x30 Src/cmlib/dn_serial_mt.o
 .debug_ranges  0x00000df8       0x28 Src/cmlib/dn_uart.o
 .debug_ranges  0x00000e20       0x98 Src/cmlib/sm.o
 .debug_ranges  0x00000eb8       0x10 Src/gpio.o
 .debug_ranges  0x00000ec8       0x20 Src/main.o
 .debug_ranges  0x00000ee8       0x10 Src/stm32f3xx_hal_msp.o
 .debug_ranges  0x00000ef8       0x18 Src/stm32f3xx_it.o
 .debug_ranges  0x00000f10       0x18 Src/system_stm32f3xx.o
 .debug_ranges  0x00000f28       0x20 Src/tim.o
 .debug_ranges  0x00000f48       0x20 Src/usart.o
 .debug_ranges  0x00000f68       0x20 startup/startup_stm32f303xc.o

.debug_macro    0x00000000    0x1dc86
 .debug_macro   0x00000000      0x338 Drivers/STM32F3xx_HAL_Driver/Src/stm32f3xx_hal.o
 .debug_macro   0x00000338      0x8bc Drivers/STM32F3xx_HAL_Driver/Src/stm32f3xx_hal.o
 .debug_macro   0x00000bf4      0x16c Drivers/STM32F3xx_HAL_Driver/Src/stm32f3xx_hal.o
 .debug_macro   0x00000d60       0xa5 Drivers/STM32F3xx_HAL_Driver/Src/stm32f3xx_hal.o
 .debug_macro   0x00000e05       0x2f Drivers/STM32F3xx_HAL_Driver/Src/stm32f3xx_hal.o
 .debug_macro   0x00000e34       0x28 Drivers/STM32F3xx_HAL_Driver/Src/stm32f3xx_hal.o
 .debug_macro   0x00000e5c       0x22 Drivers/STM32F3xx_HAL_Driver/Src/stm32f3xx_hal.o
 .debug_macro   0x00000e7e       0x87 Drivers/STM32F3xx_HAL_Driver/Src/stm32f3xx_hal.o
 .debug_macro   0x00000f05       0x51 Drivers/STM32F3xx_HAL_Driver/Src/stm32f3xx_hal.o
 .debug_macro   0x00000f56       0xef Drivers/STM32F3xx_HAL_Driver/Src/stm32f3xx_hal.o
 .debug_macro   0x00001045       0x6a Drivers/STM32F3xx_HAL_Driver/Src/stm32f3xx_hal.o
 .debug_macro   0x000010af      0x1df Drivers/STM32F3xx_HAL_Driver/Src/stm32f3xx_hal.o
 .debug_macro   0x0000128e       0x35 Drivers/STM32F3xx_HAL_Driver/Src/stm32f3xx_hal.o
 .debug_macro   0x000012c3       0x50 Drivers/STM32F3xx_HAL_Driver/Src/stm32f3xx_hal.o
 .debug_macro   0x00001313      0xe66 Drivers/STM32F3xx_HAL_Driver/Src/stm32f3xx_hal.o
 .debug_macro   0x00002179    0x12a56 Drivers/STM32F3xx_HAL_Driver/Src/stm32f3xx_hal.o
 .debug_macro   0x00014bcf       0x43 Drivers/STM32F3xx_HAL_Driver/Src/stm32f3xx_hal.o
 .debug_macro   0x00014c12       0x58 Drivers/STM32F3xx_HAL_Driver/Src/stm32f3xx_hal.o
 .debug_macro   0x00014c6a       0x35 Drivers/STM32F3xx_HAL_Driver/Src/stm32f3xx_hal.o
 .debug_macro   0x00014c9f       0x9c Drivers/STM32F3xx_HAL_Driver/Src/stm32f3xx_hal.o
 .debug_macro   0x00014d3b       0x16 Drivers/STM32F3xx_HAL_Driver/Src/stm32f3xx_hal.o
 .debug_macro   0x00014d51       0x97 Drivers/STM32F3xx_HAL_Driver/Src/stm32f3xx_hal.o
 .debug_macro   0x00014de8      0x330 Drivers/STM32F3xx_HAL_Driver/Src/stm32f3xx_hal.o
 .debug_macro   0x00015118       0xfd Drivers/STM32F3xx_HAL_Driver/Src/stm32f3xx_hal.o
 .debug_macro   0x00015215       0x10 Drivers/STM32F3xx_HAL_Driver/Src/stm32f3xx_hal.o
 .debug_macro   0x00015225       0x58 Drivers/STM32F3xx_HAL_Driver/Src/stm32f3xx_hal.o
 .debug_macro   0x0001527d       0x1f Drivers/STM32F3xx_HAL_Driver/Src/stm32f3xx_hal.o
 .debug_macro   0x0001529c       0x43 Drivers/STM32F3xx_HAL_Driver/Src/stm32f3xx_hal.o
 .debug_macro   0x000152df       0x20 Drivers/STM32F3xx_HAL_Driver/Src/stm32f3xx_hal.o
 .debug_macro   0x000152ff      0x187 Drivers/STM32F3xx_HAL_Driver/Src/stm32f3xx_hal.o
 .debug_macro   0x00015486       0x10 Drivers/STM32F3xx_HAL_Driver/Src/stm32f3xx_hal.o
 .debug_macro   0x00015496       0x1c Drivers/STM32F3xx_HAL_Driver/Src/stm32f3xx_hal.o
 .debug_macro   0x000154b2       0x52 Drivers/STM32F3xx_HAL_Driver/Src/stm32f3xx_hal.o
 .debug_macro   0x00015504       0x40 Drivers/STM32F3xx_HAL_Driver/Src/stm32f3xx_hal.o
 .debug_macro   0x00015544       0x10 Drivers/STM32F3xx_HAL_Driver/Src/stm32f3xx_hal.o
 .debug_macro   0x00015554       0x40 Drivers/STM32F3xx_HAL_Driver/Src/stm32f3xx_hal.o
 .debug_macro   0x00015594       0xd7 Drivers/STM32F3xx_HAL_Driver/Src/stm32f3xx_hal.o
 .debug_macro   0x0001566b       0x16 Drivers/STM32F3xx_HAL_Driver/Src/stm32f3xx_hal.o
 .debug_macro   0x00015681      0x18b Drivers/STM32F3xx_HAL_Driver/Src/stm32f3xx_hal.o
 .debug_macro   0x0001580c       0x49 Drivers/STM32F3xx_HAL_Driver/Src/stm32f3xx_hal.o
 .debug_macro   0x00015855      0x968 Drivers/STM32F3xx_HAL_Driver/Src/stm32f3xx_hal.o
 .debug_macro   0x000161bd      0x5fe Drivers/STM32F3xx_HAL_Driver/Src/stm32f3xx_hal.o
 .debug_macro   0x000167bb      0x13a Drivers/STM32F3xx_HAL_Driver/Src/stm32f3xx_hal.o
 .debug_macro   0x000168f5      0x1fb Drivers/STM32F3xx_HAL_Driver/Src/stm32f3xx_hal.o
 .debug_macro   0x00016af0      0x1bc Drivers/STM32F3xx_HAL_Driver/Src/stm32f3xx_hal.o
 .debug_macro   0x00016cac       0x31 Drivers/STM32F3xx_HAL_Driver/Src/stm32f3xx_hal.o
 .debug_macro   0x00016cdd       0x3c Drivers/STM32F3xx_HAL_Driver/Src/stm32f3xx_hal.o
 .debug_macro   0x00016d19      0x23a Drivers/STM32F3xx_HAL_Driver/Src/stm32f3xx_hal.o
 .debug_macro   0x00016f53       0xcb Drivers/STM32F3xx_HAL_Driver/Src/stm32f3xx_hal.o
 .debug_macro   0x0001701e      0x22b Drivers/STM32F3xx_HAL_Driver/Src/stm32f3xx_hal.o
 .debug_macro   0x00017249      0x209 Drivers/STM32F3xx_HAL_Driver/Src/stm32f3xx_hal.o
 .debug_macro   0x00017452       0x5b Drivers/STM32F3xx_HAL_Driver/Src/stm32f3xx_hal.o
 .debug_macro   0x000174ad       0x90 Drivers/STM32F3xx_HAL_Driver/Src/stm32f3xx_hal.o
 .debug_macro   0x0001753d       0x82 Drivers/STM32F3xx_HAL_Driver/Src/stm32f3xx_hal.o
 .debug_macro   0x000175bf       0xd3 Drivers/STM32F3xx_HAL_Driver/Src/stm32f3xx_hal.o
 .debug_macro   0x00017692      0x6af Drivers/STM32F3xx_HAL_Driver/Src/stm32f3xx_hal.o
 .debug_macro   0x00017d41      0x38a Drivers/STM32F3xx_HAL_Driver/Src/stm32f3xx_hal.o
 .debug_macro   0x000180cb      0x566 Drivers/STM32F3xx_HAL_Driver/Src/stm32f3xx_hal.o
 .debug_macro   0x00018631       0x2b Drivers/STM32F3xx_HAL_Driver/Src/stm32f3xx_hal.o
 .debug_macro   0x0001865c      0x277 Drivers/STM32F3xx_HAL_Driver/Src/stm32f3xx_hal.o
 .debug_macro   0x000188d3      0x314 Drivers/STM32F3xx_HAL_Driver/Src/stm32f3xx_hal_cortex.o
 .debug_macro   0x00018be7      0x314 Drivers/STM32F3xx_HAL_Driver/Src/stm32f3xx_hal_dma.o
 .debug_macro   0x00018efb      0x34c Drivers/STM32F3xx_HAL_Driver/Src/stm32f3xx_hal_gpio.o
 .debug_macro   0x00019247      0x338 Drivers/STM32F3xx_HAL_Driver/Src/stm32f3xx_hal_rcc.o
 .debug_macro   0x0001957f      0x314 Drivers/STM32F3xx_HAL_Driver/Src/stm32f3xx_hal_rcc_ex.o
 .debug_macro   0x00019893      0x314 Drivers/STM32F3xx_HAL_Driver/Src/stm32f3xx_hal_tim.o
 .debug_macro   0x00019ba7      0x320 Drivers/STM32F3xx_HAL_Driver/Src/stm32f3xx_hal_tim_ex.o
 .debug_macro   0x00019ec7      0x31c Drivers/STM32F3xx_HAL_Driver/Src/stm32f3xx_hal_uart.o
 .debug_macro   0x0001a1e3      0x314 Drivers/STM32F3xx_HAL_Driver/Src/stm32f3xx_hal_uart_ex.o
 .debug_macro   0x0001a4f7      0x14f Src/cmlib/dn_endianness.o
 .debug_macro   0x0001a646       0x52 Src/cmlib/dn_endianness.o
 .debug_macro   0x0001a698       0x8d Src/cmlib/dn_endianness.o
 .debug_macro   0x0001a725       0x57 Src/cmlib/dn_endianness.o
 .debug_macro   0x0001a77c       0x82 Src/cmlib/dn_endianness.o
 .debug_macro   0x0001a7fe      0x45d Src/cmlib/dn_endianness.o
 .debug_macro   0x0001ac5b       0x22 Src/cmlib/dn_endianness.o
 .debug_macro   0x0001ac7d       0xa2 Src/cmlib/dn_endianness.o
 .debug_macro   0x0001ad1f      0x104 Src/cmlib/dn_endianness.o
 .debug_macro   0x0001ae23       0x10 Src/cmlib/dn_endianness.o
 .debug_macro   0x0001ae33       0x35 Src/cmlib/dn_endianness.o
 .debug_macro   0x0001ae68       0x10 Src/cmlib/dn_endianness.o
 .debug_macro   0x0001ae78      0x380 Src/cmlib/dn_hdlc.o
 .debug_macro   0x0001b1f8       0x2e Src/cmlib/dn_hdlc.o
 .debug_macro   0x0001b226       0x3b Src/cmlib/dn_hdlc.o
 .debug_macro   0x0001b261       0x1c Src/cmlib/dn_hdlc.o
 .debug_macro   0x0001b27d      0x17f Src/cmlib/dn_ipmt.o
 .debug_macro   0x0001b3fc      0x7b4 Src/cmlib/dn_ipmt.o
 .debug_macro   0x0001bbb0       0x28 Src/cmlib/dn_ipmt.o
 .debug_macro   0x0001bbd8      0x14f Src/cmlib/dn_lock.o
 .debug_macro   0x0001bd27      0x15d Src/cmlib/dn_serial_mt.o
 .debug_macro   0x0001be84       0x22 Src/cmlib/dn_serial_mt.o
 .debug_macro   0x0001bea6      0x367 Src/cmlib/dn_uart.o
 .debug_macro   0x0001c20d      0x389 Src/cmlib/sm.o
 .debug_macro   0x0001c596       0x64 Src/cmlib/sm.o
 .debug_macro   0x0001c5fa      0x31e Src/gpio.o
 .debug_macro   0x0001c918      0x3b6 Src/main.o
 .debug_macro   0x0001ccce       0x10 Src/main.o
 .debug_macro   0x0001ccde       0x16 Src/main.o
 .debug_macro   0x0001ccf4      0x314 Src/stm32f3xx_hal_msp.o
 .debug_macro   0x0001d008      0x31e Src/stm32f3xx_it.o
 .debug_macro   0x0001d326      0x31a Src/system_stm32f3xx.o
 .debug_macro   0x0001d640      0x31e Src/tim.o
 .debug_macro   0x0001d95e      0x328 Src/usart.o

.debug_line     0x00000000     0xe475
 .debug_line    0x00000000      0x8e1 Drivers/STM32F3xx_HAL_Driver/Src/stm32f3xx_hal.o
 .debug_line    0x000008e1      0x911 Drivers/STM32F3xx_HAL_Driver/Src/stm32f3xx_hal_cortex.o
 .debug_line    0x000011f2      0x95e Drivers/STM32F3xx_HAL_Driver/Src/stm32f3xx_hal_dma.o
 .debug_line    0x00001b50      0x870 Drivers/STM32F3xx_HAL_Driver/Src/stm32f3xx_hal_gpio.o
 .debug_line    0x000023c0      0xbc9 Drivers/STM32F3xx_HAL_Driver/Src/stm32f3xx_hal_rcc.o
 .debug_line    0x00002f89      0x9a7 Drivers/STM32F3xx_HAL_Driver/Src/stm32f3xx_hal_rcc_ex.o
 .debug_line    0x00003930     0x196f Drivers/STM32F3xx_HAL_Driver/Src/stm32f3xx_hal_tim.o
 .debug_line    0x0000529f      0xe7b Drivers/STM32F3xx_HAL_Driver/Src/stm32f3xx_hal_tim_ex.o
 .debug_line    0x0000611a     0x1198 Drivers/STM32F3xx_HAL_Driver/Src/stm32f3xx_hal_uart.o
 .debug_line    0x000072b2      0x81e Drivers/STM32F3xx_HAL_Driver/Src/stm32f3xx_hal_uart_ex.o
 .debug_line    0x00007ad0      0x3df Src/cmlib/dn_endianness.o
 .debug_line    0x00007eaf      0x844 Src/cmlib/dn_hdlc.o
 .debug_line    0x000086f3     0x110d Src/cmlib/dn_ipmt.o
 .debug_line    0x00009800      0x3a7 Src/cmlib/dn_lock.o
 .debug_line    0x00009ba7      0x46a Src/cmlib/dn_serial_mt.o
 .debug_line    0x0000a011      0x7a0 Src/cmlib/dn_uart.o
 .debug_line    0x0000a7b1      0x90e Src/cmlib/sm.o
 .debug_line    0x0000b0bf      0x72a Src/gpio.o
 .debug_line    0x0000b7e9      0x814 Src/main.o
 .debug_line    0x0000bffd      0x710 Src/stm32f3xx_hal_msp.o
 .debug_line    0x0000c70d      0x726 Src/stm32f3xx_it.o
 .debug_line    0x0000ce33      0x73a Src/system_stm32f3xx.o
 .debug_line    0x0000d56d      0x73a Src/tim.o
 .debug_line    0x0000dca7      0x74f Src/usart.o
 .debug_line    0x0000e3f6       0x7f startup/startup_stm32f303xc.o

.debug_str      0x00000000    0x9dc5a
 .debug_str     0x00000000    0x95285 Drivers/STM32F3xx_HAL_Driver/Src/stm32f3xx_hal.o
                              0x955f0 (size before relaxing)
 .debug_str     0x00095285      0x3e9 Drivers/STM32F3xx_HAL_Driver/Src/stm32f3xx_hal_cortex.o
                              0x9562f (size before relaxing)
 .debug_str     0x0009566e      0x3f9 Drivers/STM32F3xx_HAL_Driver/Src/stm32f3xx_hal_dma.o
                              0x95121 (size before relaxing)
 .debug_str     0x00095a67      0x2b4 Drivers/STM32F3xx_HAL_Driver/Src/stm32f3xx_hal_gpio.o
                              0x95007 (size before relaxing)
 .debug_str     0x00095d1b      0x40d Drivers/STM32F3xx_HAL_Driver/Src/stm32f3xx_hal_rcc.o
                              0x95211 (size before relaxing)
 .debug_str     0x00096128      0x22f Drivers/STM32F3xx_HAL_Driver/Src/stm32f3xx_hal_rcc_ex.o
                              0x9501b (size before relaxing)
 .debug_str     0x00096357      0xf75 Drivers/STM32F3xx_HAL_Driver/Src/stm32f3xx_hal_tim.o
                              0x95eb6 (size before relaxing)
 .debug_str     0x000972cc      0x5ce Drivers/STM32F3xx_HAL_Driver/Src/stm32f3xx_hal_tim_ex.o
                              0x9591c (size before relaxing)
 .debug_str     0x0009789a      0x99f Drivers/STM32F3xx_HAL_Driver/Src/stm32f3xx_hal_uart.o
                              0x959a7 (size before relaxing)
 .debug_str     0x00098239       0xed Drivers/STM32F3xx_HAL_Driver/Src/stm32f3xx_hal_uart_ex.o
                              0x95332 (size before relaxing)
 .debug_str     0x00098326     0x113c Src/cmlib/dn_endianness.o
                               0x74c9 (size before relaxing)
 .debug_str     0x00099462      0x28f Src/cmlib/dn_hdlc.o
                              0x9644f (size before relaxing)
 .debug_str     0x000996f1     0x3f1b Src/cmlib/dn_ipmt.o
                               0xb4ad (size before relaxing)
 .debug_str     0x0009d60c       0x17 Src/cmlib/dn_lock.o
                               0x744a (size before relaxing)
 .debug_str     0x0009d623      0x11a Src/cmlib/dn_serial_mt.o
                               0x77c6 (size before relaxing)
 .debug_str     0x0009d73d       0x85 Src/cmlib/dn_uart.o
                              0x962fa (size before relaxing)
 .debug_str     0x0009d7c2      0x321 Src/cmlib/sm.o
                              0x98f73 (size before relaxing)
 .debug_str     0x0009dae3       0x35 Src/gpio.o
                              0x94dc7 (size before relaxing)
 .debug_str     0x0009db18       0x47 Src/main.o
                              0x996e4 (size before relaxing)
 .debug_str     0x0009db5f       0x1b Src/stm32f3xx_hal_msp.o
                              0x95170 (size before relaxing)
 .debug_str     0x0009db7a       0x38 Src/stm32f3xx_it.o
                              0x950d5 (size before relaxing)
 .debug_str     0x0009dbb2       0x64 Src/system_stm32f3xx.o
                              0x94daa (size before relaxing)
 .debug_str     0x0009dc16       0x1c Src/tim.o
                              0x95645 (size before relaxing)
 .debug_str     0x0009dc32       0x28 Src/usart.o
                              0x956f0 (size before relaxing)

.comment        0x00000000       0x7f
 .comment       0x00000000       0x7f Drivers/STM32F3xx_HAL_Driver/Src/stm32f3xx_hal.o
                                 0x80 (size before relaxing)
 .comment       0x0000007f       0x80 Drivers/STM32F3xx_HAL_Driver/Src/stm32f3xx_hal_cortex.o
 .comment       0x0000007f       0x80 Drivers/STM32F3xx_HAL_Driver/Src/stm32f3xx_hal_dma.o
 .comment       0x0000007f       0x80 Drivers/STM32F3xx_HAL_Driver/Src/stm32f3xx_hal_gpio.o
 .comment       0x0000007f       0x80 Drivers/STM32F3xx_HAL_Driver/Src/stm32f3xx_hal_rcc.o
 .comment       0x0000007f       0x80 Drivers/STM32F3xx_HAL_Driver/Src/stm32f3xx_hal_rcc_ex.o
 .comment       0x0000007f       0x80 Drivers/STM32F3xx_HAL_Driver/Src/stm32f3xx_hal_tim.o
 .comment       0x0000007f       0x80 Drivers/STM32F3xx_HAL_Driver/Src/stm32f3xx_hal_tim_ex.o
 .comment       0x0000007f       0x80 Drivers/STM32F3xx_HAL_Driver/Src/stm32f3xx_hal_uart.o
 .comment       0x0000007f       0x80 Drivers/STM32F3xx_HAL_Driver/Src/stm32f3xx_hal_uart_ex.o
 .comment       0x0000007f       0x80 Src/cmlib/dn_endianness.o
 .comment       0x0000007f       0x80 Src/cmlib/dn_hdlc.o
 .comment       0x0000007f       0x80 Src/cmlib/dn_ipmt.o
 .comment       0x0000007f       0x80 Src/cmlib/dn_lock.o
 .comment       0x0000007f       0x80 Src/cmlib/dn_serial_mt.o
 .comment       0x0000007f       0x80 Src/cmlib/dn_uart.o
 .comment       0x0000007f       0x80 Src/cmlib/sm.o
 .comment       0x0000007f       0x80 Src/gpio.o
 .comment       0x0000007f       0x80 Src/main.o
 .comment       0x0000007f       0x80 Src/stm32f3xx_hal_msp.o
 .comment       0x0000007f       0x80 Src/stm32f3xx_it.o
 .comment       0x0000007f       0x80 Src/system_stm32f3xx.o
 .comment       0x0000007f       0x80 Src/tim.o
 .comment       0x0000007f       0x80 Src/usart.o

.debug_frame    0x00000000     0x2d88
 .debug_frame   0x00000000      0x1cc Drivers/STM32F3xx_HAL_Driver/Src/stm32f3xx_hal.o
 .debug_frame   0x000001cc      0x15c Drivers/STM32F3xx_HAL_Driver/Src/stm32f3xx_hal_cortex.o
 .debug_frame   0x00000328      0x164 Drivers/STM32F3xx_HAL_Driver/Src/stm32f3xx_hal_dma.o
 .debug_frame   0x0000048c       0xd0 Drivers/STM32F3xx_HAL_Driver/Src/stm32f3xx_hal_gpio.o
 .debug_frame   0x0000055c      0x14c Drivers/STM32F3xx_HAL_Driver/Src/stm32f3xx_hal_rcc.o
 .debug_frame   0x000006a8       0x7c Drivers/STM32F3xx_HAL_Driver/Src/stm32f3xx_hal_rcc_ex.o
 .debug_frame   0x00000724      0xa1c Drivers/STM32F3xx_HAL_Driver/Src/stm32f3xx_hal_tim.o
 .debug_frame   0x00001140      0x45c Drivers/STM32F3xx_HAL_Driver/Src/stm32f3xx_hal_tim_ex.o
 .debug_frame   0x0000159c      0x570 Drivers/STM32F3xx_HAL_Driver/Src/stm32f3xx_hal_uart.o
 .debug_frame   0x00001b0c       0xb4 Drivers/STM32F3xx_HAL_Driver/Src/stm32f3xx_hal_uart_ex.o
 .debug_frame   0x00001bc0       0x50 Src/cmlib/dn_endianness.o
 .debug_frame   0x00001c10       0xe0 Src/cmlib/dn_hdlc.o
 .debug_frame   0x00001cf0      0xb24 Src/cmlib/dn_ipmt.o
 .debug_frame   0x00002814       0x30 Src/cmlib/dn_lock.o
 .debug_frame   0x00002844       0xac Src/cmlib/dn_serial_mt.o
 .debug_frame   0x000028f0       0x74 Src/cmlib/dn_uart.o
 .debug_frame   0x00002964      0x1c4 Src/cmlib/sm.o
 .debug_frame   0x00002b28       0x34 Src/gpio.o
 .debug_frame   0x00002b5c       0x58 Src/main.o
 .debug_frame   0x00002bb4       0x2c Src/stm32f3xx_hal_msp.o
 .debug_frame   0x00002be0       0x40 Src/stm32f3xx_it.o
 .debug_frame   0x00002c20       0x30 Src/system_stm32f3xx.o
 .debug_frame   0x00002c50       0x64 Src/tim.o
 .debug_frame   0x00002cb4       0x60 Src/usart.o
 .debug_frame   0x00002d14       0x2c c:/ac6/systemworkbench/plugins/fr.ac6.mcu.externaltools.arm-none.win32_1.15.0.201708311556/tools/compiler/bin/../lib/gcc/arm-none-eabi/6.3.1/../../../../arm-none-eabi/lib/thumb/v7e-m/fpv4-sp/hard\libc_nano.a(lib_a-init.o)
 .debug_frame   0x00002d40       0x28 c:/ac6/systemworkbench/plugins/fr.ac6.mcu.externaltools.arm-none.win32_1.15.0.201708311556/tools/compiler/bin/../lib/gcc/arm-none-eabi/6.3.1/../../../../arm-none-eabi/lib/thumb/v7e-m/fpv4-sp/hard\libc_nano.a(lib_a-memcpy-stub.o)
 .debug_frame   0x00002d68       0x20 c:/ac6/systemworkbench/plugins/fr.ac6.mcu.externaltools.arm-none.win32_1.15.0.201708311556/tools/compiler/bin/../lib/gcc/arm-none-eabi/6.3.1/../../../../arm-none-eabi/lib/thumb/v7e-m/fpv4-sp/hard\libc_nano.a(lib_a-memset.o)
